{
  "version": "1.5.0",
  "plugins_used": [
    { "name": "ArtifactoryDetector" },
    { "name": "AWSKeyDetector" },
    { "name": "AzureStorageKeyDetector" },
    { "name": "CloudantDetector" },
    { "name": "DiscordBotTokenDetector" },
    { "name": "GitHubTokenDetector" },
    { "name": "GitLabTokenDetector" },
    { "name": "IbmCloudIamDetector" },
    { "name": "IbmCosHmacDetector" },
    { "name": "JwtTokenDetector" },
    { "name": "MailchimpDetector" },
    { "name": "NpmDetector" },
    { "name": "OpenAIDetector" },
    { "name": "PrivateKeyDetector" },
    { "name": "PypiTokenDetector" },
    { "name": "SendGridDetector" },
    { "name": "SlackDetector" },
    { "name": "SoftlayerDetector" },
    { "name": "SquareOAuthDetector" },
    { "name": "StripeDetector" },
    { "name": "TelegramBotTokenDetector" },
    { "name": "TwilioKeyDetector" }
  ],
  "filters_used": [
    { "path": "detect_secrets.filters.allowlist.is_line_allowlisted" },
    {
      "path": "detect_secrets.filters.common.is_ignored_due_to_verification_policies",
      "min_level": 2
    },
    { "path": "detect_secrets.filters.heuristic.is_indirect_reference" },
    { "path": "detect_secrets.filters.heuristic.is_likely_id_string" },
    { "path": "detect_secrets.filters.heuristic.is_lock_file" },
    { "path": "detect_secrets.filters.heuristic.is_not_alphanumeric_string" },
    { "path": "detect_secrets.filters.heuristic.is_potential_uuid" },
    { "path": "detect_secrets.filters.heuristic.is_prefixed_with_dollar_sign" },
    { "path": "detect_secrets.filters.heuristic.is_sequential_string" },
    { "path": "detect_secrets.filters.heuristic.is_swagger_file" },
    { "path": "detect_secrets.filters.heuristic.is_templated_secret" },
    {
      "path": "detect_secrets.filters.regex.should_exclude_line",
      "pattern": [
        "^\\s*assert!\\(detect_secret_like\\(\"-----BEGIN OPENSSH PRIVATE KEY-----\"\\)\\.is_some\\(\\)\\);$",
        "^\\s*assert!\\(detect_secret_like\\(\"ghp_abcdefghijklmnopqrstuvwxyz0123456789\"\\)\\.is_some\\(\\)\\);$",
        "^\\s*assert!\\(detect_secret_like\\(\"AKIAIOSFODNN7EXAMPLE is the access key\"\\)\\.is_some\\(\\)\\);$",
        "^\\s*\"-----BEGIN PRIVATE KEY-----\\\\nLOSSLESSPRIVATEKEY1234567890\\\\n-----END PRIVATE KEY-----\";$",
        "^\\s*aws \\|\\| value\\.contains\\(\"ghp_000000000000000000000000000000000000\"\\)$",
        "^\\s*\\|\\| value\\.contains\\(\"-----BEGIN PRIVATE KEY-----\"\\)$",
        "^\\s*assert!\\(raw\\.content\\.contains\\(\"BEGIN PRIVATE KEY\"\\)\\);$",
        "^\\s*\"pattern\": \\[r\"\\^\\(AKIAIOSFODNN7EXAMPLE\\|ghp_\\(0\\{36\\}\\|abcdefghijklmnopqrstuvwxyz0123456789\\)\\|\\-\\-\\-\\-\\-BEGIN PRIVATE KEY\\-\\-\\-\\-\\-\\\\n\\(NOT\\-A\\-VALID\\-PRIVATE\\-KEY\\|LOSSLESSPRIVATEKEY1234567890\\)\\\\n\\-\\-\\-\\-\\-END PRIVATE KEY\\-\\-\\-\\-\\-\\)\\$\"\\],$"
      ]
    },
    {
      "path": "detect_secrets.filters.regex.should_exclude_file",
      "pattern": ["^\\.secrets\\.baseline$"]
    }
  ],
  "results": {},
  "generated_at": "2026-07-13T00:00:00Z"
}
