{
  "version": "1.5.0",
  "plugins_used": [
    {
      "name": "ArtifactoryDetector"
    },
    {
      "name": "AWSKeyDetector"
    },
    {
      "name": "AzureStorageKeyDetector"
    },
    {
      "name": "Base64HighEntropyString",
      "limit": 4.5
    },
    {
      "name": "BasicAuthDetector"
    },
    {
      "name": "CloudantDetector"
    },
    {
      "name": "DiscordBotTokenDetector"
    },
    {
      "name": "GitHubTokenDetector"
    },
    {
      "name": "GitLabTokenDetector"
    },
    {
      "name": "HexHighEntropyString",
      "limit": 3.0
    },
    {
      "name": "IbmCloudIamDetector"
    },
    {
      "name": "IbmCosHmacDetector"
    },
    {
      "name": "IPPublicDetector"
    },
    {
      "name": "JwtTokenDetector"
    },
    {
      "name": "KeywordDetector",
      "keyword_exclude": ""
    },
    {
      "name": "MailchimpDetector"
    },
    {
      "name": "NpmDetector"
    },
    {
      "name": "OpenAIDetector"
    },
    {
      "name": "PrivateKeyDetector"
    },
    {
      "name": "PypiTokenDetector"
    },
    {
      "name": "SendGridDetector"
    },
    {
      "name": "SlackDetector"
    },
    {
      "name": "SoftlayerDetector"
    },
    {
      "name": "SquareOAuthDetector"
    },
    {
      "name": "StripeDetector"
    },
    {
      "name": "TelegramBotTokenDetector"
    },
    {
      "name": "TwilioKeyDetector"
    }
  ],
  "filters_used": [
    {
      "path": "detect_secrets.filters.allowlist.is_line_allowlisted"
    },
    {
      "path": "detect_secrets.filters.common.is_ignored_due_to_verification_policies",
      "min_level": 2
    },
    {
      "path": "detect_secrets.filters.heuristic.is_indirect_reference"
    },
    {
      "path": "detect_secrets.filters.heuristic.is_likely_id_string"
    },
    {
      "path": "detect_secrets.filters.heuristic.is_lock_file"
    },
    {
      "path": "detect_secrets.filters.heuristic.is_not_alphanumeric_string"
    },
    {
      "path": "detect_secrets.filters.heuristic.is_potential_uuid"
    },
    {
      "path": "detect_secrets.filters.heuristic.is_prefixed_with_dollar_sign"
    },
    {
      "path": "detect_secrets.filters.heuristic.is_sequential_string"
    },
    {
      "path": "detect_secrets.filters.heuristic.is_swagger_file"
    },
    {
      "path": "detect_secrets.filters.heuristic.is_templated_secret"
    },
    {
      "path": "detect_secrets.filters.regex.should_exclude_file",
      "pattern": [
        "^\\.secrets\\.baseline$"
      ]
    }
  ],
  "results": {
    ".github/workflows/ci.yml": [
      {
        "type": "Hex High Entropy String",
        "filename": ".github/workflows/ci.yml",
        "hashed_secret": "af70844f18fb0a0a1c77e4122e0b01b83c816b49",
        "is_verified": false,
        "line_number": 486
      }
    ],
    "docs/plans/tracedecay-v2/18-secret-detection-redaction-and-private-data-safety.md": [
      {
        "type": "Basic Auth Credentials",
        "filename": "docs/plans/tracedecay-v2/18-secret-detection-redaction-and-private-data-safety.md",
        "hashed_secret": "5baa61e4c9b93f3f0682250b6cf8331b7ee68fd8",
        "is_verified": false,
        "line_number": 234
      }
    ],
    "docs/research/hermes-kanban-port-ledger.yaml": [
      {
        "type": "Hex High Entropy String",
        "filename": "docs/research/hermes-kanban-port-ledger.yaml",
        "hashed_secret": "370530f7ea941612ba2c956478b858b8ee16057b",
        "is_verified": false,
        "line_number": 4
      },
      {
        "type": "Hex High Entropy String",
        "filename": "docs/research/hermes-kanban-port-ledger.yaml",
        "hashed_secret": "266b7b86bfbf2ad2e026755d72a944ad59e6fe70",
        "is_verified": false,
        "line_number": 5
      }
    ],
    "docs/research/host-bundle-evidence-ledger.yaml": [
      {
        "type": "Hex High Entropy String",
        "filename": "docs/research/host-bundle-evidence-ledger.yaml",
        "hashed_secret": "498b95828241c46da371db7ff305ed8cff13da59",
        "is_verified": false,
        "line_number": 103
      }
    ],
    "docs/research/native-semantic-model-evidence-ledger.yaml": [
      {
        "type": "Hex High Entropy String",
        "filename": "docs/research/native-semantic-model-evidence-ledger.yaml",
        "hashed_secret": "f3c100d75a062df5946eacf4312daf367b1b7fbd",
        "is_verified": false,
        "line_number": 34
      },
      {
        "type": "Hex High Entropy String",
        "filename": "docs/research/native-semantic-model-evidence-ledger.yaml",
        "hashed_secret": "63e181a64f503ea3fd4271ac9fb125e4786ab421",
        "is_verified": false,
        "line_number": 63
      },
      {
        "type": "Hex High Entropy String",
        "filename": "docs/research/native-semantic-model-evidence-ledger.yaml",
        "hashed_secret": "d59bf0c9ae0838ea87cc205a7c6c0eaa171a48a6",
        "is_verified": false,
        "line_number": 91
      },
      {
        "type": "Hex High Entropy String",
        "filename": "docs/research/native-semantic-model-evidence-ledger.yaml",
        "hashed_secret": "1802cd22dd495f692bfec8485beac65faac1b676",
        "is_verified": false,
        "line_number": 93
      }
    ],
    "src/global_db/tests.rs": [
      {
        "type": "Basic Auth Credentials",
        "filename": "src/global_db/tests.rs",
        "hashed_secret": "e5e9fa1ba31ecd1ae84f75caaa474f3a663f05f4",
        "is_verified": false,
        "line_number": 120
      }
    ],
    "src/memory/hygiene.rs": [
      {
        "type": "Private Key",
        "filename": "src/memory/hygiene.rs",
        "hashed_secret": "27c6929aef41ae2bcadac15ca6abcaff72cda9cd",
        "is_verified": false,
        "line_number": 168
      },
      {
        "type": "Base64 High Entropy String",
        "filename": "src/memory/hygiene.rs",
        "hashed_secret": "6c28e6fc8ecd2f4fe8c1383ed34db577581ec116",
        "is_verified": false,
        "line_number": 177
      },
      {
        "type": "Base64 High Entropy String",
        "filename": "src/memory/hygiene.rs",
        "hashed_secret": "078553dc10635837abb80f404302c70cba91b879",
        "is_verified": false,
        "line_number": 179
      },
      {
        "type": "GitHub Token",
        "filename": "src/memory/hygiene.rs",
        "hashed_secret": "e175c6f5f2a92e8623bd9a4820edb4e8c1b0fd10",
        "is_verified": false,
        "line_number": 179
      },
      {
        "type": "AWS Access Key",
        "filename": "src/memory/hygiene.rs",
        "hashed_secret": "25910f981e85ca04baf359199dd0bd4a3ae738b6",
        "is_verified": false,
        "line_number": 180
      }
    ],
    "src/memory/types.rs": [
      {
        "type": "Secret Keyword",
        "filename": "src/memory/types.rs",
        "hashed_secret": "b6cac211e277529f64aab27d96e4f7c792a1d063",
        "is_verified": false,
        "line_number": 389
      }
    ],
    "src/project_cmd.rs": [
      {
        "type": "Basic Auth Credentials",
        "filename": "src/project_cmd.rs",
        "hashed_secret": "ee977806d7286510da8b9a7492ba58e2484c0ecc",
        "is_verified": false,
        "line_number": 157
      },
      {
        "type": "Basic Auth Credentials",
        "filename": "src/project_cmd.rs",
        "hashed_secret": "ca97b81d7d37795827d0510b6a4c8536626e943e",
        "is_verified": false,
        "line_number": 219
      }
    ],
    "src/sessions/codex/events.rs": [
      {
        "type": "Hex High Entropy String",
        "filename": "src/sessions/codex/events.rs",
        "hashed_secret": "158b484ae1f6f64f89da22397d25fbdafad02252",
        "is_verified": false,
        "line_number": 1523
      },
      {
        "type": "Hex High Entropy String",
        "filename": "src/sessions/codex/events.rs",
        "hashed_secret": "ccdd30d64e668771bc1efb2028e833b044b6be3b",
        "is_verified": false,
        "line_number": 1538
      }
    ],
    "src/sessions/git_correlation/tests.rs": [
      {
        "type": "Hex High Entropy String",
        "filename": "src/sessions/git_correlation/tests.rs",
        "hashed_secret": "ccdd30d64e668771bc1efb2028e833b044b6be3b",
        "is_verified": false,
        "line_number": 225
      },
      {
        "type": "Hex High Entropy String",
        "filename": "src/sessions/git_correlation/tests.rs",
        "hashed_secret": "d5662d7353c6257f68cab2a3b0f758cc79b1ac5e",
        "is_verified": false,
        "line_number": 608
      }
    ],
    "src/sessions/mod.rs": [
      {
        "type": "Hex High Entropy String",
        "filename": "src/sessions/mod.rs",
        "hashed_secret": "e4f91dd323bac5bfc4f60a6e433787671dc2421d",
        "is_verified": false,
        "line_number": 761
      }
    ],
    "src/sessions/workflow_ingest/tests.rs": [
      {
        "type": "Hex High Entropy String",
        "filename": "src/sessions/workflow_ingest/tests.rs",
        "hashed_secret": "6824d07848e8878a61bebbe4101cf16917a34c90",
        "is_verified": false,
        "line_number": 25
      },
      {
        "type": "Hex High Entropy String",
        "filename": "src/sessions/workflow_ingest/tests.rs",
        "hashed_secret": "96f870488e9c0a006a737746c44d2a47d59c3b65",
        "is_verified": false,
        "line_number": 35
      }
    ],
    "tests/agent_suite/agent_test.rs": [
      {
        "type": "Hex High Entropy String",
        "filename": "tests/agent_suite/agent_test.rs",
        "hashed_secret": "ddb00a46d0544977315dc09405877fddc23624ee",
        "is_verified": false,
        "line_number": 1279
      }
    ],
    "tests/dashboard_api_test/projects.rs": [
      {
        "type": "Basic Auth Credentials",
        "filename": "tests/dashboard_api_test/projects.rs",
        "hashed_secret": "ca97b81d7d37795827d0510b6a4c8536626e943e",
        "is_verified": false,
        "line_number": 41
      }
    ],
    "tests/extraction_suite/typescript.rs": [
      {
        "type": "Secret Keyword",
        "filename": "tests/extraction_suite/typescript.rs",
        "hashed_secret": "99d72c7fc3e2e145870beab37c0b70e343ea9c3b",
        "is_verified": false,
        "line_number": 733
      }
    ],
    "tests/fixtures/v2/manifest.json": [
      {
        "type": "Hex High Entropy String",
        "filename": "tests/fixtures/v2/manifest.json",
        "hashed_secret": "3387f9ad9bab195a6138621e4a7244a9874b68e1",
        "is_verified": false,
        "line_number": 4
      },
      {
        "type": "Hex High Entropy String",
        "filename": "tests/fixtures/v2/manifest.json",
        "hashed_secret": "1cd410ab27f75250b80779869761dac1a89806c9",
        "is_verified": false,
        "line_number": 12
      },
      {
        "type": "Hex High Entropy String",
        "filename": "tests/fixtures/v2/manifest.json",
        "hashed_secret": "03d3b8d294c9656f93eefe103692bc3ba3d4d9d2",
        "is_verified": false,
        "line_number": 24
      },
      {
        "type": "Hex High Entropy String",
        "filename": "tests/fixtures/v2/manifest.json",
        "hashed_secret": "73d61864bed925550cc1a663bec1afcd3edb7a51",
        "is_verified": false,
        "line_number": 39
      },
      {
        "type": "Hex High Entropy String",
        "filename": "tests/fixtures/v2/manifest.json",
        "hashed_secret": "1c26f65286429bbf9770616dbb7c1a45054f4083",
        "is_verified": false,
        "line_number": 52
      },
      {
        "type": "Hex High Entropy String",
        "filename": "tests/fixtures/v2/manifest.json",
        "hashed_secret": "955a237c1a38b934b4ab01e56f4d436352f23de3",
        "is_verified": false,
        "line_number": 66
      },
      {
        "type": "Hex High Entropy String",
        "filename": "tests/fixtures/v2/manifest.json",
        "hashed_secret": "0a563b0e4112b7b01a0141bb99dbb9eb5df1e86a",
        "is_verified": false,
        "line_number": 79
      },
      {
        "type": "Hex High Entropy String",
        "filename": "tests/fixtures/v2/manifest.json",
        "hashed_secret": "3775deb209baedcbe4b73b71fdcc2f53aef1e0ff",
        "is_verified": false,
        "line_number": 93
      },
      {
        "type": "Hex High Entropy String",
        "filename": "tests/fixtures/v2/manifest.json",
        "hashed_secret": "5981177faa0e4cf98dd163bf051855de34c61880",
        "is_verified": false,
        "line_number": 107
      },
      {
        "type": "Hex High Entropy String",
        "filename": "tests/fixtures/v2/manifest.json",
        "hashed_secret": "ff1b4611c95536906419cead864353a88e518784",
        "is_verified": false,
        "line_number": 125
      },
      {
        "type": "Hex High Entropy String",
        "filename": "tests/fixtures/v2/manifest.json",
        "hashed_secret": "0452dc1c142b4795d5042ac601a3871e82f77526",
        "is_verified": false,
        "line_number": 140
      },
      {
        "type": "Hex High Entropy String",
        "filename": "tests/fixtures/v2/manifest.json",
        "hashed_secret": "37a7892a97226b0c514d55f7fdcaa4b26d826c63",
        "is_verified": false,
        "line_number": 153
      },
      {
        "type": "Hex High Entropy String",
        "filename": "tests/fixtures/v2/manifest.json",
        "hashed_secret": "b49f967c8d40bb5c938baa4f4c3fe73c6796f7c7",
        "is_verified": false,
        "line_number": 166
      },
      {
        "type": "Hex High Entropy String",
        "filename": "tests/fixtures/v2/manifest.json",
        "hashed_secret": "9f4f4aa921ac810b37b68d30bdff8bac1617ce75",
        "is_verified": false,
        "line_number": 179
      },
      {
        "type": "Hex High Entropy String",
        "filename": "tests/fixtures/v2/manifest.json",
        "hashed_secret": "fa79ff630b59114c07aa507b93c69baabe6b39b1",
        "is_verified": false,
        "line_number": 192
      },
      {
        "type": "Hex High Entropy String",
        "filename": "tests/fixtures/v2/manifest.json",
        "hashed_secret": "ae9a83e1a04f3fadc57679806d3e125ec9d7df98",
        "is_verified": false,
        "line_number": 205
      },
      {
        "type": "Hex High Entropy String",
        "filename": "tests/fixtures/v2/manifest.json",
        "hashed_secret": "f4c82b9fee1c96b0c2a80ca35c4ef7cf8a1c7b3b",
        "is_verified": false,
        "line_number": 218
      }
    ],
    "tests/fixtures/v2/privacy/forbidden-sink-canaries.json": [
      {
        "type": "Basic Auth Credentials",
        "filename": "tests/fixtures/v2/privacy/forbidden-sink-canaries.json",
        "hashed_secret": "70091abf5604dafff7643865cccefc4affdbda4c",
        "is_verified": false,
        "line_number": 33
      }
    ],
    "tests/fixtures/v2/privacy/positive-invalid.json": [
      {
        "type": "Basic Auth Credentials",
        "filename": "tests/fixtures/v2/privacy/positive-invalid.json",
        "hashed_secret": "70091abf5604dafff7643865cccefc4affdbda4c",
        "is_verified": false,
        "line_number": 44
      }
    ],
    "tests/fixtures/v2/privacy/privacy-manifest.json": [
      {
        "type": "Hex High Entropy String",
        "filename": "tests/fixtures/v2/privacy/privacy-manifest.json",
        "hashed_secret": "8a834c4f6eb20c0f9d428aed5328961da12428ea",
        "is_verified": false,
        "line_number": 148
      },
      {
        "type": "Hex High Entropy String",
        "filename": "tests/fixtures/v2/privacy/privacy-manifest.json",
        "hashed_secret": "51a6ba5b97195e87a6fa0282aea80238fb213749",
        "is_verified": false,
        "line_number": 159
      },
      {
        "type": "Hex High Entropy String",
        "filename": "tests/fixtures/v2/privacy/privacy-manifest.json",
        "hashed_secret": "b0c0bf9c5ae572dbf6795a739147dff6e302c5e4",
        "is_verified": false,
        "line_number": 170
      },
      {
        "type": "Hex High Entropy String",
        "filename": "tests/fixtures/v2/privacy/privacy-manifest.json",
        "hashed_secret": "509207f7ccdd4b5a29135b23dde369bb4ef9cc82",
        "is_verified": false,
        "line_number": 181
      },
      {
        "type": "Hex High Entropy String",
        "filename": "tests/fixtures/v2/privacy/privacy-manifest.json",
        "hashed_secret": "77f10deefe77244a42eebdfaf90865dad5ae8705",
        "is_verified": false,
        "line_number": 192
      },
      {
        "type": "Hex High Entropy String",
        "filename": "tests/fixtures/v2/privacy/privacy-manifest.json",
        "hashed_secret": "1ad728cbf83e96b0674024c24b56502c23df5450",
        "is_verified": false,
        "line_number": 203
      },
      {
        "type": "Hex High Entropy String",
        "filename": "tests/fixtures/v2/privacy/privacy-manifest.json",
        "hashed_secret": "9ad14af55f233efbe41eb44758e3acc9bf6a0699",
        "is_verified": false,
        "line_number": 214
      },
      {
        "type": "Hex High Entropy String",
        "filename": "tests/fixtures/v2/privacy/privacy-manifest.json",
        "hashed_secret": "3ce88a436a6fdba2ded08f3b66ffde07df19dfac",
        "is_verified": false,
        "line_number": 222
      },
      {
        "type": "Hex High Entropy String",
        "filename": "tests/fixtures/v2/privacy/privacy-manifest.json",
        "hashed_secret": "8e39b3030add0f643a4dd0a79c467073b35a2a1f",
        "is_verified": false,
        "line_number": 230
      },
      {
        "type": "Hex High Entropy String",
        "filename": "tests/fixtures/v2/privacy/privacy-manifest.json",
        "hashed_secret": "208295d842aed7c308f96d15670fa1b937d22165",
        "is_verified": false,
        "line_number": 238
      },
      {
        "type": "Hex High Entropy String",
        "filename": "tests/fixtures/v2/privacy/privacy-manifest.json",
        "hashed_secret": "cb2d3b14b133a7fa7462b1de972c67b357fd490b",
        "is_verified": false,
        "line_number": 246
      },
      {
        "type": "Hex High Entropy String",
        "filename": "tests/fixtures/v2/privacy/privacy-manifest.json",
        "hashed_secret": "1bba3ad1df68be4b9c84ec0f0c95dd45df6c0a4f",
        "is_verified": false,
        "line_number": 254
      },
      {
        "type": "Hex High Entropy String",
        "filename": "tests/fixtures/v2/privacy/privacy-manifest.json",
        "hashed_secret": "2a163a83d67280b49092eaab18361b1eedfa911b",
        "is_verified": false,
        "line_number": 262
      }
    ],
    "tests/fixtures/v2/research-anchor-manifest.json": [
      {
        "type": "Hex High Entropy String",
        "filename": "tests/fixtures/v2/research-anchor-manifest.json",
        "hashed_secret": "93372ec814e431baa35884e3a7c5b1c8b94ddc6c",
        "is_verified": false,
        "line_number": 1261
      },
      {
        "type": "Hex High Entropy String",
        "filename": "tests/fixtures/v2/research-anchor-manifest.json",
        "hashed_secret": "f2fcb28242fb6d9246df63d2820ca42ea2c64568",
        "is_verified": false,
        "line_number": 1262
      },
      {
        "type": "Hex High Entropy String",
        "filename": "tests/fixtures/v2/research-anchor-manifest.json",
        "hashed_secret": "7ecb9470085d9829ae890fd8ccd9584f78d2cb16",
        "is_verified": false,
        "line_number": 1263
      },
      {
        "type": "Hex High Entropy String",
        "filename": "tests/fixtures/v2/research-anchor-manifest.json",
        "hashed_secret": "e6392adc0dfd67342514e63ebb077c5bfe0d226d",
        "is_verified": false,
        "line_number": 1264
      },
      {
        "type": "Hex High Entropy String",
        "filename": "tests/fixtures/v2/research-anchor-manifest.json",
        "hashed_secret": "92d48b8a20eb6431bfd4fe939da8edffc60ced4f",
        "is_verified": false,
        "line_number": 1265
      },
      {
        "type": "Hex High Entropy String",
        "filename": "tests/fixtures/v2/research-anchor-manifest.json",
        "hashed_secret": "4475ad602a0024a38f178eabf0abba5306b23940",
        "is_verified": false,
        "line_number": 1266
      },
      {
        "type": "Hex High Entropy String",
        "filename": "tests/fixtures/v2/research-anchor-manifest.json",
        "hashed_secret": "3a6ed88e7c79f75c557f6d15457e770c8b30f583",
        "is_verified": false,
        "line_number": 1267
      },
      {
        "type": "Hex High Entropy String",
        "filename": "tests/fixtures/v2/research-anchor-manifest.json",
        "hashed_secret": "b41c3fa2bc57b80c4759b9709507f1860e660d55",
        "is_verified": false,
        "line_number": 1268
      },
      {
        "type": "Hex High Entropy String",
        "filename": "tests/fixtures/v2/research-anchor-manifest.json",
        "hashed_secret": "fcfd9ef353c45d37120ad6ea643ea7cad7a384b0",
        "is_verified": false,
        "line_number": 1269
      },
      {
        "type": "Hex High Entropy String",
        "filename": "tests/fixtures/v2/research-anchor-manifest.json",
        "hashed_secret": "5ff9b413f3b9c3ea456ee1c6af1bcee881d535ea",
        "is_verified": false,
        "line_number": 1270
      },
      {
        "type": "Hex High Entropy String",
        "filename": "tests/fixtures/v2/research-anchor-manifest.json",
        "hashed_secret": "069cbf84908e98e2c80449d85455f7dc8f43cc52",
        "is_verified": false,
        "line_number": 1271
      },
      {
        "type": "Hex High Entropy String",
        "filename": "tests/fixtures/v2/research-anchor-manifest.json",
        "hashed_secret": "ea5f196e649b82f5170c64928b604a97fd130c3e",
        "is_verified": false,
        "line_number": 1272
      },
      {
        "type": "Hex High Entropy String",
        "filename": "tests/fixtures/v2/research-anchor-manifest.json",
        "hashed_secret": "1daa848d3acf7a7bf56d4327ab75902761f31b6e",
        "is_verified": false,
        "line_number": 1273
      },
      {
        "type": "Hex High Entropy String",
        "filename": "tests/fixtures/v2/research-anchor-manifest.json",
        "hashed_secret": "6ff875cbb4e0a0687a0e8e3abc2b7703c42cb630",
        "is_verified": false,
        "line_number": 1274
      },
      {
        "type": "Hex High Entropy String",
        "filename": "tests/fixtures/v2/research-anchor-manifest.json",
        "hashed_secret": "56ec6ba8a72e984167f940b22352a9098f300eb3",
        "is_verified": false,
        "line_number": 1275
      },
      {
        "type": "Hex High Entropy String",
        "filename": "tests/fixtures/v2/research-anchor-manifest.json",
        "hashed_secret": "3dca5076d3c88a816583053e9b3836ef24a16e88",
        "is_verified": false,
        "line_number": 1276
      },
      {
        "type": "Hex High Entropy String",
        "filename": "tests/fixtures/v2/research-anchor-manifest.json",
        "hashed_secret": "6b6f53adc51c0791d52ce282f99531f931d1af65",
        "is_verified": false,
        "line_number": 1277
      },
      {
        "type": "Hex High Entropy String",
        "filename": "tests/fixtures/v2/research-anchor-manifest.json",
        "hashed_secret": "8085441385808191f60463b805cc2fe3c4189e07",
        "is_verified": false,
        "line_number": 1278
      },
      {
        "type": "Hex High Entropy String",
        "filename": "tests/fixtures/v2/research-anchor-manifest.json",
        "hashed_secret": "ae1f86b8582f62434300fdc32286a0114c26c2ae",
        "is_verified": false,
        "line_number": 1279
      },
      {
        "type": "Hex High Entropy String",
        "filename": "tests/fixtures/v2/research-anchor-manifest.json",
        "hashed_secret": "3db535e86cdb6800a9335b62155e0fcbb895ac2e",
        "is_verified": false,
        "line_number": 1280
      },
      {
        "type": "Hex High Entropy String",
        "filename": "tests/fixtures/v2/research-anchor-manifest.json",
        "hashed_secret": "5afb12c4d60f6ae005b66bb7151afdd9ef244450",
        "is_verified": false,
        "line_number": 1281
      },
      {
        "type": "Hex High Entropy String",
        "filename": "tests/fixtures/v2/research-anchor-manifest.json",
        "hashed_secret": "7ebc8ed5078e8d1462a78d897a8b2c37975b9dfc",
        "is_verified": false,
        "line_number": 1282
      },
      {
        "type": "Hex High Entropy String",
        "filename": "tests/fixtures/v2/research-anchor-manifest.json",
        "hashed_secret": "1bee3fe31cb64bbecac424ba88ff6575d8bd2775",
        "is_verified": false,
        "line_number": 1283
      }
    ],
    "tests/hermes_suite/lcm_bridge.rs": [
      {
        "type": "Secret Keyword",
        "filename": "tests/hermes_suite/lcm_bridge.rs",
        "hashed_secret": "3acfb2c2b433c0ea7ff107e33df91b18e52f960f",
        "is_verified": false,
        "line_number": 3942
      }
    ],
    "tests/mcp_suite/git_correlation_test.rs": [
      {
        "type": "Hex High Entropy String",
        "filename": "tests/mcp_suite/git_correlation_test.rs",
        "hashed_secret": "ccdd30d64e668771bc1efb2028e833b044b6be3b",
        "is_verified": false,
        "line_number": 239
      }
    ],
    "tests/mcp_suite/mcp_handler_test.rs": [
      {
        "type": "Basic Auth Credentials",
        "filename": "tests/mcp_suite/mcp_handler_test.rs",
        "hashed_secret": "e5e9fa1ba31ecd1ae84f75caaa474f3a663f05f4",
        "is_verified": false,
        "line_number": 815
      }
    ],
    "tests/session_suite/global_db.rs": [
      {
        "type": "Secret Keyword",
        "filename": "tests/session_suite/global_db.rs",
        "hashed_secret": "85dceb7554ff412cd8f831473c84e3f971333fe4",
        "is_verified": false,
        "line_number": 710
      },
      {
        "type": "Secret Keyword",
        "filename": "tests/session_suite/global_db.rs",
        "hashed_secret": "9c4f102828f0759cc9d97122eb64deb733a8f144",
        "is_verified": false,
        "line_number": 711
      }
    ],
    "tests/session_suite/lcm_compression.rs": [
      {
        "type": "Secret Keyword",
        "filename": "tests/session_suite/lcm_compression.rs",
        "hashed_secret": "0d23d84833d0dc935af539f2eb9f2618704cd000",
        "is_verified": false,
        "line_number": 1825
      }
    ],
    "tests/session_suite/lcm_payload.rs": [
      {
        "type": "Secret Keyword",
        "filename": "tests/session_suite/lcm_payload.rs",
        "hashed_secret": "b9e160a0b91c90a54c79ef68edaf8d40f0abcdfb",
        "is_verified": false,
        "line_number": 375
      },
      {
        "type": "Base64 High Entropy String",
        "filename": "tests/session_suite/lcm_payload.rs",
        "hashed_secret": "d736cef0ee9ff4800415c4f51ebdfaae2d2c01f4",
        "is_verified": false,
        "line_number": 474
      },
      {
        "type": "Secret Keyword",
        "filename": "tests/session_suite/lcm_payload.rs",
        "hashed_secret": "d736cef0ee9ff4800415c4f51ebdfaae2d2c01f4",
        "is_verified": false,
        "line_number": 474
      },
      {
        "type": "Secret Keyword",
        "filename": "tests/session_suite/lcm_payload.rs",
        "hashed_secret": "abf7aad6438836dbe526aa231abde2d0eef74d42",
        "is_verified": false,
        "line_number": 582
      },
      {
        "type": "Secret Keyword",
        "filename": "tests/session_suite/lcm_payload.rs",
        "hashed_secret": "b1a07d9e2036b22f886b920a0721ff4534efe36c",
        "is_verified": false,
        "line_number": 629
      },
      {
        "type": "Secret Keyword",
        "filename": "tests/session_suite/lcm_payload.rs",
        "hashed_secret": "891f6669e55b0c67e13f170bcc3992e3edc9bc82",
        "is_verified": false,
        "line_number": 630
      },
      {
        "type": "Secret Keyword",
        "filename": "tests/session_suite/lcm_payload.rs",
        "hashed_secret": "47c3c05bb9f042329bd854ad3706d5579446af38",
        "is_verified": false,
        "line_number": 679
      },
      {
        "type": "Private Key",
        "filename": "tests/session_suite/lcm_payload.rs",
        "hashed_secret": "1348b145fa1a555461c1b790a2f66614781091e9",
        "is_verified": false,
        "line_number": 740
      },
      {
        "type": "Secret Keyword",
        "filename": "tests/session_suite/lcm_payload.rs",
        "hashed_secret": "f3c491b9adf114cc9391986e64e6a4642e3419b0",
        "is_verified": false,
        "line_number": 873
      },
      {
        "type": "Secret Keyword",
        "filename": "tests/session_suite/lcm_payload.rs",
        "hashed_secret": "ed26cf10e2fd9ce0dd4e0ae6e5e947c121528850",
        "is_verified": false,
        "line_number": 874
      }
    ],
    "tests/v2_corpus_suite/privacy.rs": [
      {
        "type": "GitHub Token",
        "filename": "tests/v2_corpus_suite/privacy.rs",
        "hashed_secret": "e175c6f5f2a92e8623bd9a4820edb4e8c1b0fd10",
        "is_verified": false,
        "line_number": 89
      },
      {
        "type": "Private Key",
        "filename": "tests/v2_corpus_suite/privacy.rs",
        "hashed_secret": "1348b145fa1a555461c1b790a2f66614781091e9",
        "is_verified": false,
        "line_number": 92
      },
      {
        "type": "Basic Auth Credentials",
        "filename": "tests/v2_corpus_suite/privacy.rs",
        "hashed_secret": "70091abf5604dafff7643865cccefc4affdbda4c",
        "is_verified": false,
        "line_number": 93
      }
    ]
  },
  "generated_at": "2026-07-13T18:24:27Z"
}
